// Bun Snapshot v1, https://bun.sh/docs/test/snapshots

exports[`renderDashboardPage — snapshot renders full page for a regular user 1`] = `
"<!DOCTYPE html>
<html lang="en">
<head>
  <meta charset="utf-8" />
  <meta name="viewport" content="width=device-width, initial-scale=1" />
  <title>Metrics — Vitals OS</title>
  <style>
    *, *::before, *::after { box-sizing: border-box; margin: 0; padding: 0; }
    html { font-size: 16px; -webkit-font-smoothing: antialiased; }
    body {
      font-family: -apple-system, BlinkMacSystemFont, "Segoe UI", Roboto, Helvetica, Arial, sans-serif;
      background: #f7f7fb;
      color: #1a1a2e;
      min-height: 100vh;
    }

    /* ─── Toolbar ───────────────────────────────────────── */
    .vos-toolbar {
      background: #fff;
      border-bottom: 1px solid #e8e8ee;
      height: 52px;
      display: flex;
      align-items: center;
      padding: 0 24px;
      gap: 24px;
      position: sticky;
      top: 0;
      z-index: 100;
    }
    .vos-wordmark {
      font-size: 15px;
      font-weight: 700;
      color: #1a1a2e;
      text-decoration: none;
      letter-spacing: -0.3px;
      flex-shrink: 0;
    }
    .vos-wordmark:hover { color: #4f46e5; }
    .vos-nav {
      display: flex;
      align-items: center;
      gap: 4px;
      flex: 1;
    }
    .vos-nav-link {
      padding: 5px 12px;
      border-radius: 6px;
      font-size: 13px;
      font-weight: 500;
      color: #6b7280;
      text-decoration: none;
      transition: background 0.1s, color 0.1s;
      white-space: nowrap;
    }
    .vos-nav-link:hover { background: #f3f4f6; color: #1a1a2e; }
    .vos-nav-link.active {
      background: #eef2ff;
      color: #4f46e5;
      font-weight: 600;
    }
    .vos-user {
      display: flex;
      align-items: center;
      gap: 12px;
      flex-shrink: 0;
      margin-left: auto;
    }
    .vos-username {
      font-size: 13px;
      color: #6b7280;
      white-space: nowrap;
      overflow: hidden;
      text-overflow: ellipsis;
      max-width: 160px;
    }
    .vos-signout-btn {
      font-size: 13px;
      font-weight: 500;
      color: #6b7280;
      background: none;
      border: 1px solid #e8e8ee;
      border-radius: 6px;
      padding: 5px 12px;
      cursor: pointer;
      font-family: inherit;
      transition: background 0.1s, color 0.1s, border-color 0.1s;
      white-space: nowrap;
    }
    .vos-signout-btn:hover { background: #f7f7fb; color: #1a1a2e; border-color: #d1d5db; }

    /* ─── Page body ─────────────────────────────────────── */
    .vos-page {
      max-width: 960px;
      margin: 0 auto;
      padding: 32px 24px 64px;
    }

    @media (max-width: 640px) {
      .vos-toolbar { padding: 0 16px; gap: 12px; }
      .vos-username { display: none; }
      .vos-nav-link { padding: 5px 8px; }
      .vos-page { padding: 20px 16px 48px; }
    }
  </style>
  <link rel="stylesheet" href="/dashboard/styles.css" />
</head>
<body>
  <nav class="vos-toolbar" aria-label="Site navigation">
    <a href="/admin/agents" class="vos-wordmark">Shipwright</a>
    <div class="vos-nav">
      <a href="/admin/agents" class="vos-nav-link">Agents</a>
      <a href="/admin/provision" class="vos-nav-link">Provision</a>
      <a href="/admin/tasks" class="vos-nav-link">Tasks</a>
      <a href="/admin/prs" class="vos-nav-link">PRs</a>
      <a href="/dashboard" class="vos-nav-link active">Metrics</a>
    </div>
    <div class="vos-user">
      <span class="vos-username">Alice</span>
      <form method="POST" action="/admin/logout" style="margin:0">
        <button type="submit" class="vos-signout-btn">Sign out</button>
      </form>
    </div>
  </nav>
  <div class="app">

    <!-- Page Controls -->
    <div class="page-controls">
      <div class="date-range-picker" role="group" aria-label="Date range">
        <button class="date-btn active" data-range="today" type="button">1D</button>
        <button class="date-btn" data-range="7d" type="button">7D</button>
        <button class="date-btn" data-range="30d" type="button">30D</button>
        <button class="date-btn" data-range="90d" type="button">90D</button>
      </div>
      <div class="page-meta">
        <span id="freshness-indicator" class="freshness" aria-live="polite"></span>
        <span id="refresh-countdown" class="countdown" aria-live="polite"></span>
      </div>
    </div>

    <!-- Main -->
    <main class="main">

      <!-- KPI Cards -->
      <section class="section" aria-label="Key performance indicators">
        <div class="section-header">
          <h2 class="section-title">Overview</h2>
          <span class="section-badge" id="task-count-badge">0 tasks</span>
        </div>
        <div class="kpi-grid">
          <div class="kpi-card" data-metric="tasks-completed">
            <div class="kpi-label">Tasks Completed<span class="info-icon" data-tooltip="Total tasks shipped as merged PRs in the selected period" tabindex="0" aria-label="Total tasks shipped as merged PRs in the selected period">i</span></div>
            <div class="kpi-value" id="kpi-tasks"><span class="skeleton">&nbsp;</span></div>
            <div class="kpi-meta">shipwright_task_completed events</div>
          </div>
          <div class="kpi-card" data-metric="ci-first-pass">
            <div class="kpi-label">CI First-Pass Rate<span class="info-icon" data-tooltip="% of CI gate runs that passed without any fix attempts" tabindex="0" aria-label="% of CI gate runs that passed without any fix attempts">i</span></div>
            <div class="kpi-value" id="kpi-ci-rate"><span class="skeleton">&nbsp;</span></div>
            <div class="kpi-meta">passed_first_try / total gates</div>
          </div>
          <div class="kpi-card" data-metric="estimation-accuracy">
            <div class="kpi-label">Estimation Accuracy<span class="info-icon" data-tooltip="How close estimated hours are to actual — 0% is perfect" tabindex="0" aria-label="How close estimated hours are to actual — 0% is perfect">i</span></div>
            <div class="kpi-value" id="kpi-estimation"><span class="skeleton">&nbsp;</span></div>
            <div class="kpi-meta">mean (actual_h / estimated_h - 1)</div>
          </div>
          <div class="kpi-card" data-metric="review-ship-it">
            <div class="kpi-label">Review SHIP IT Rate<span class="info-icon" data-tooltip="% of code reviews that received an immediate ship-it verdict" tabindex="0" aria-label="% of code reviews that received an immediate ship-it verdict">i</span></div>
            <div class="kpi-value" id="kpi-review-rate"><span class="skeleton">&nbsp;</span></div>
            <div class="kpi-meta">SHIP IT / total reviews</div>
          </div>
        </div>
      </section>

      <!-- Pipeline Queue -->
      <section class="section" aria-label="Pipeline queue">
        <div class="section-header">
          <h2 class="section-title">Pipeline Queue</h2>
        </div>
        <div class="queue-grid">

          <!-- Throughput -->
          <div class="quality-panel">
            <h3 class="panel-title">Throughput</h3>
            <div class="stat-row" data-metric="tasks-started">
              <span class="stat-label">Started<span class="info-icon" data-tooltip="Tasks that moved from pending to in_progress in the period" tabindex="0" aria-label="Tasks that moved from pending to in_progress in the period">i</span></span>
              <span class="stat-value" id="queue-started">--</span>
            </div>
            <div class="stat-row">
              <span class="stat-label">Approved<span class="info-icon" data-tooltip="PRs that received a SHIP IT review verdict" tabindex="0" aria-label="PRs that received a SHIP IT review verdict">i</span></span>
              <span class="stat-value" id="queue-approved">--</span>
            </div>
            <div class="stat-row">
              <span class="stat-label">Merged<span class="info-icon" data-tooltip="PRs merged to main in the selected period" tabindex="0" aria-label="PRs merged to main in the selected period">i</span></span>
              <span class="stat-value" id="queue-merged">--</span>
            </div>
            <div class="stat-row" data-metric="tasks-blocked">
              <span class="stat-label">Blocked<span class="info-icon" data-tooltip="Tasks stuck on a human-blocking issue" tabindex="0" aria-label="Tasks stuck on a human-blocking issue">i</span></span>
              <span class="stat-value" id="queue-blocked">--</span>
            </div>
          </div>

          <!-- Cycle Time -->
          <div class="quality-panel">
            <h3 class="panel-title">Cycle Time</h3>
            <div class="stat-row" data-metric="avg-cycle-time">
              <span class="stat-label">Avg cycle time<span class="info-icon" data-tooltip="Mean wall-clock hours from task start to PR merge" tabindex="0" aria-label="Mean wall-clock hours from task start to PR merge">i</span></span>
              <span class="stat-value" id="queue-cycle-time">--</span>
            </div>
          </div>

          <!-- Block Rate -->
          <div class="quality-panel">
            <h3 class="panel-title">Block Rate</h3>
            <div class="stat-row" data-metric="block-rate">
              <span class="stat-label">Rate<span class="info-icon" data-tooltip="% of started tasks that ended up in a blocked state" tabindex="0" aria-label="% of started tasks that ended up in a blocked state">i</span></span>
              <span class="stat-value" id="queue-block-rate">--%</span>
            </div>
          </div>

          <!-- Review Findings -->
          <div class="quality-panel">
            <h3 class="panel-title">Review Findings</h3>
            <div class="stat-row" data-metric="avg-review-findings">
              <span class="stat-label">Avg per task<span class="info-icon" data-tooltip="Mean number of review findings (bugs/suggestions) per task" tabindex="0" aria-label="Mean number of review findings (bugs/suggestions) per task">i</span></span>
              <span class="stat-value" id="queue-review-findings">--</span>
            </div>
          </div>

        </div>
      </section>

      <!-- Pipeline Quality -->
      <section class="section" aria-label="Pipeline quality">
        <div class="section-header">
          <h2 class="section-title">Pipeline Quality</h2>
        </div>
        <div class="quality-grid">

          <!-- CI Gates -->
          <div class="quality-panel">
            <h3 class="panel-title">CI Gates</h3>
            <div class="stat-row" data-metric="ci-gates">
              <span class="stat-label">Total gates<span class="info-icon" data-tooltip="Total CI runs triggered by PRs in the period" tabindex="0" aria-label="Total CI runs triggered by PRs in the period">i</span></span>
              <span class="stat-value" id="ci-total">--</span>
            </div>
            <div class="stat-row" data-metric="ci-first-pass-count">
              <span class="stat-label">First-pass<span class="info-icon" data-tooltip="CI runs that passed without any fix commits" tabindex="0" aria-label="CI runs that passed without any fix commits">i</span></span>
              <span class="stat-value" id="ci-first">--</span>
            </div>
            <div class="stat-row" data-metric="avg-fix-attempts">
              <span class="stat-label">Avg fix attempts<span class="info-icon" data-tooltip="Mean number of fix commits needed before CI passed" tabindex="0" aria-label="Mean number of fix commits needed before CI passed">i</span></span>
              <span class="stat-value" id="ci-fix-avg">--</span>
            </div>
          </div>

          <!-- Simplify -->
          <div class="quality-panel">
            <h3 class="panel-title">Simplify Fixes</h3>
            <div class="stat-row" data-metric="simplify-total">
              <span class="stat-label">Total fixes<span class="info-icon" data-tooltip="Code simplifications applied automatically after implementation" tabindex="0" aria-label="Code simplifications applied automatically after implementation">i</span></span>
              <span class="stat-value" id="simplify-total">--</span>
            </div>
            <div class="simplify-breakdown" id="simplify-breakdown">
              <div class="bar-item" data-metric="simplify-dry"><span class="bar-label">DRY<span class="info-icon" data-tooltip="Duplicated code extractions applied" tabindex="0" aria-label="Duplicated code extractions applied">i</span></span><div class="bar-track"><div class="bar-fill" id="bar-dry"></div></div><span class="bar-val" id="val-dry">--</span></div>
              <div class="bar-item" data-metric="simplify-dead"><span class="bar-label">Dead code<span class="info-icon" data-tooltip="Unused imports, variables, or functions removed" tabindex="0" aria-label="Unused imports, variables, or functions removed">i</span></span><div class="bar-track"><div class="bar-fill" id="bar-dead"></div></div><span class="bar-val" id="val-dead">--</span></div>
              <div class="bar-item" data-metric="simplify-naming"><span class="bar-label">Naming<span class="info-icon" data-tooltip="Variable and function name improvements applied" tabindex="0" aria-label="Variable and function name improvements applied">i</span></span><div class="bar-track"><div class="bar-fill" id="bar-naming"></div></div><span class="bar-val" id="val-naming">--</span></div>
              <div class="bar-item" data-metric="simplify-complexity"><span class="bar-label">Complexity<span class="info-icon" data-tooltip="Over-engineered patterns simplified" tabindex="0" aria-label="Over-engineered patterns simplified">i</span></span><div class="bar-track"><div class="bar-fill" id="bar-complexity"></div></div><span class="bar-val" id="val-complexity">--</span></div>
              <div class="bar-item" data-metric="simplify-consistency"><span class="bar-label">Consistency<span class="info-icon" data-tooltip="Style or pattern inconsistencies corrected" tabindex="0" aria-label="Style or pattern inconsistencies corrected">i</span></span><div class="bar-track"><div class="bar-fill" id="bar-consistency"></div></div><span class="bar-val" id="val-consistency">--</span></div>
            </div>
          </div>

          <!-- Reviews -->
          <div class="quality-panel">
            <h3 class="panel-title">Reviews</h3>
            <div class="stat-row" data-metric="reviews-total">
              <span class="stat-label">Total reviews<span class="info-icon" data-tooltip="Code reviews run by the shipwright review agent" tabindex="0" aria-label="Code reviews run by the shipwright review agent">i</span></span>
              <span class="stat-value" id="review-total">--</span>
            </div>
            <div class="stat-row" data-metric="reviews-ship-it">
              <span class="stat-label">SHIP IT<span class="info-icon" data-tooltip="Reviews where no blocking issues were found" tabindex="0" aria-label="Reviews where no blocking issues were found">i</span></span>
              <span class="stat-value good" id="review-ship-it">--</span>
            </div>
          </div>

          <!-- Coverage -->
          <div class="quality-panel">
            <h3 class="panel-title">Coverage</h3>
            <div class="stat-row">
              <span class="stat-label">Reports<span class="info-icon" data-tooltip="Tasks with a measured coverage delta" tabindex="0" aria-label="Tasks with a measured coverage delta">i</span></span>
              <span class="stat-value" id="coverage-reports">--</span>
            </div>
            <div class="stat-row">
              <span class="stat-label">Avg delta<span class="info-icon" data-tooltip="Mean change in line coverage % across all reports" tabindex="0" aria-label="Mean change in line coverage % across all reports">i</span></span>
              <span class="stat-value" id="coverage-delta">--</span>
            </div>
          </div>

        </div>
      </section>

      <!-- Token Usage -->
      <section class="section" aria-label="Token usage">
        <div class="section-header">
          <h2 class="section-title">Token Usage</h2>
        </div>
        <div class="token-kpi-row">
          <div class="kpi-card" data-metric="token-input">
            <div class="kpi-label">Input Tokens</div>
            <div class="kpi-value" id="token-input"><span class="skeleton">&nbsp;</span></div>
            <div class="kpi-meta">total input tokens</div>
          </div>
          <div class="kpi-card" data-metric="token-output">
            <div class="kpi-label">Output Tokens</div>
            <div class="kpi-value" id="token-output"><span class="skeleton">&nbsp;</span></div>
            <div class="kpi-meta">total output tokens</div>
          </div>
          <div class="kpi-card" data-metric="token-cache">
            <div class="kpi-label">Cache Tokens</div>
            <div class="kpi-value" id="token-cache"><span class="skeleton">&nbsp;</span></div>
            <div class="kpi-meta">cache read + creation</div>
          </div>
          <div class="kpi-card" data-metric="token-cost">
            <div class="kpi-label">Total Cost</div>
            <div class="kpi-value" id="token-cost"><span class="skeleton">&nbsp;</span></div>
            <div class="kpi-meta">total cost (USD)</div>
          </div>
        </div>
        <div class="quality-panel">
          <h3 class="panel-title">By Agent</h3>
          <table class="token-table" id="token-agent-table">
            <thead>
              <tr><th>Agent</th><th>Cron</th><th>DM/Mention</th><th>Total</th><th>Cost ($)</th></tr>
            </thead>
            <tbody id="token-agent-tbody"></tbody>
          </table>
          <p id="token-agent-empty" class="empty-state" style="display:none">No data</p>
        </div>
        <div class="token-trends-section">
          <div class="token-trends-toggles" role="group" aria-label="Token series">
            <button class="token-series-btn active" data-token-series="input" type="button">Input</button>
            <button class="token-series-btn" data-token-series="output" type="button">Output</button>
            <button class="token-series-btn" data-token-series="total" type="button">Total</button>
            <button class="token-series-btn" data-token-series="all" type="button">All</button>
          </div>
          <div class="chart-container token-trends-chart-container">
            <canvas id="token-trends-chart" aria-label="Token usage trends chart"></canvas>
          </div>
        </div>
      </section>

      <!-- Feature Breakdown -->
      <section class="section features-section" aria-label="Feature breakdown">
        <div class="section-header">
          <h2 class="section-title">Feature Breakdown</h2>
        </div>
        <div class="features-table-wrapper">
          <table class="features-table">
            <thead>
              <tr>
                <th>Feature<span class="info-icon" data-tooltip="Planning session or feature group name" tabindex="0" aria-label="Planning session or feature group name">i</span></th>
                <th>Tasks<span class="info-icon" data-tooltip="Number of tasks shipped in this feature" tabindex="0" aria-label="Number of tasks shipped in this feature">i</span></th>
                <th>Avg Hrs<span class="info-icon" data-tooltip="Mean actual hours per task" tabindex="0" aria-label="Mean actual hours per task">i</span></th>
                <th>CI Pass<span class="info-icon" data-tooltip="CI first-pass rate for this feature's tasks" tabindex="0" aria-label="CI first-pass rate for this feature's tasks">i</span></th>
                <th>Review<span class="info-icon" data-tooltip="SHIP IT rate for this feature's tasks" tabindex="0" aria-label="SHIP IT rate for this feature's tasks">i</span></th>
              </tr>
            </thead>
            <tbody id="features-tbody"></tbody>
          </table>
        </div>
        <p id="features-empty" class="empty-state" style="display:none">No feature data for this period</p>
      </section>

      <!-- Efficiency -->
      <section class="section" aria-label="Efficiency">
        <div class="section-header">
          <h2 class="section-title">Efficiency</h2>
        </div>
        <div class="efficiency-grid">
          <div class="stat-block" data-metric="avg-actual-hours">
            <span class="stat-block-value" id="eff-avg-hours">--</span>
            <span class="stat-block-label">Avg actual hours<span class="info-icon" data-tooltip="Mean wall-clock hours per task from start to PR merge" tabindex="0" aria-label="Mean wall-clock hours per task from start to PR merge">i</span></span>
          </div>
          <div class="stat-block" data-metric="avg-estimated-hours">
            <span class="stat-block-value" id="eff-est-hours">--</span>
            <span class="stat-block-label">Avg estimated hours<span class="info-icon" data-tooltip="Mean planned hours per task from the planning doc" tabindex="0" aria-label="Mean planned hours per task from the planning doc">i</span></span>
          </div>
          <div class="stat-block" data-metric="avg-retries">
            <span class="stat-block-value" id="eff-retries">--</span>
            <span class="stat-block-label">Avg retries<span class="info-icon" data-tooltip="Mean CI fix attempts needed before the CI gate passed" tabindex="0" aria-label="Mean CI fix attempts needed before the CI gate passed">i</span></span>
          </div>
          <div class="stat-block" data-metric="avg-files-changed">
            <span class="stat-block-value" id="eff-files">--</span>
            <span class="stat-block-label">Avg files changed<span class="info-icon" data-tooltip="Mean files modified per task" tabindex="0" aria-label="Mean files modified per task">i</span></span>
          </div>
        </div>
      </section>

      <!-- Trends -->
      <section class="section" aria-label="Trends">
        <div class="section-header">
          <h2 class="section-title">Trends</h2>
        </div>
        <div class="chart-container">
          <canvas id="trends-chart" aria-label="Pipeline trends chart"></canvas>
        </div>
      </section>

    </main>

    <!-- Metric Graph Modal -->
    <div id="metric-modal" class="metric-modal" role="dialog" aria-modal="true" aria-labelledby="metric-modal-title" hidden>
      <div class="metric-modal-backdrop"></div>
      <div class="metric-modal-box">
        <div class="metric-modal-header">
          <h3 class="metric-modal-title" id="metric-modal-title">Metric</h3>
          <button class="metric-modal-close" type="button" aria-label="Close modal">×</button>
        </div>
        <div class="metric-modal-body">
          <canvas id="metric-chart" aria-label="Metric trend chart"></canvas>
        </div>
      </div>
    </div>

  </div>

  <script>window.__METRICS_BASE__ = "";</script>
  <script src="https://cdn.jsdelivr.net/npm/chart.js@4/dist/chart.umd.min.js"></script>
  <script src="/dashboard/app.js"></script>
</body>
</html>"
`;

exports[`renderDashboardPage — snapshot renders full page for an owner 1`] = `
"<!DOCTYPE html>
<html lang="en">
<head>
  <meta charset="utf-8" />
  <meta name="viewport" content="width=device-width, initial-scale=1" />
  <title>Metrics — Vitals OS</title>
  <style>
    *, *::before, *::after { box-sizing: border-box; margin: 0; padding: 0; }
    html { font-size: 16px; -webkit-font-smoothing: antialiased; }
    body {
      font-family: -apple-system, BlinkMacSystemFont, "Segoe UI", Roboto, Helvetica, Arial, sans-serif;
      background: #f7f7fb;
      color: #1a1a2e;
      min-height: 100vh;
    }

    /* ─── Toolbar ───────────────────────────────────────── */
    .vos-toolbar {
      background: #fff;
      border-bottom: 1px solid #e8e8ee;
      height: 52px;
      display: flex;
      align-items: center;
      padding: 0 24px;
      gap: 24px;
      position: sticky;
      top: 0;
      z-index: 100;
    }
    .vos-wordmark {
      font-size: 15px;
      font-weight: 700;
      color: #1a1a2e;
      text-decoration: none;
      letter-spacing: -0.3px;
      flex-shrink: 0;
    }
    .vos-wordmark:hover { color: #4f46e5; }
    .vos-nav {
      display: flex;
      align-items: center;
      gap: 4px;
      flex: 1;
    }
    .vos-nav-link {
      padding: 5px 12px;
      border-radius: 6px;
      font-size: 13px;
      font-weight: 500;
      color: #6b7280;
      text-decoration: none;
      transition: background 0.1s, color 0.1s;
      white-space: nowrap;
    }
    .vos-nav-link:hover { background: #f3f4f6; color: #1a1a2e; }
    .vos-nav-link.active {
      background: #eef2ff;
      color: #4f46e5;
      font-weight: 600;
    }
    .vos-user {
      display: flex;
      align-items: center;
      gap: 12px;
      flex-shrink: 0;
      margin-left: auto;
    }
    .vos-username {
      font-size: 13px;
      color: #6b7280;
      white-space: nowrap;
      overflow: hidden;
      text-overflow: ellipsis;
      max-width: 160px;
    }
    .vos-signout-btn {
      font-size: 13px;
      font-weight: 500;
      color: #6b7280;
      background: none;
      border: 1px solid #e8e8ee;
      border-radius: 6px;
      padding: 5px 12px;
      cursor: pointer;
      font-family: inherit;
      transition: background 0.1s, color 0.1s, border-color 0.1s;
      white-space: nowrap;
    }
    .vos-signout-btn:hover { background: #f7f7fb; color: #1a1a2e; border-color: #d1d5db; }

    /* ─── Page body ─────────────────────────────────────── */
    .vos-page {
      max-width: 960px;
      margin: 0 auto;
      padding: 32px 24px 64px;
    }

    @media (max-width: 640px) {
      .vos-toolbar { padding: 0 16px; gap: 12px; }
      .vos-username { display: none; }
      .vos-nav-link { padding: 5px 8px; }
      .vos-page { padding: 20px 16px 48px; }
    }
  </style>
  <link rel="stylesheet" href="/dashboard/styles.css" />
</head>
<body>
  <nav class="vos-toolbar" aria-label="Site navigation">
    <a href="/admin/agents" class="vos-wordmark">Shipwright</a>
    <div class="vos-nav">
      <a href="/admin/agents" class="vos-nav-link">Agents</a>
      <a href="/admin/provision" class="vos-nav-link">Provision</a>
      <a href="/admin/tasks" class="vos-nav-link">Tasks</a>
      <a href="/admin/prs" class="vos-nav-link">PRs</a>
      <a href="/dashboard" class="vos-nav-link active">Metrics</a>
    </div>
    <div class="vos-user">
      <span class="vos-username">Alice</span>
      <form method="POST" action="/admin/logout" style="margin:0">
        <button type="submit" class="vos-signout-btn">Sign out</button>
      </form>
    </div>
  </nav>
  <div class="app">

    <!-- Page Controls -->
    <div class="page-controls">
      <div class="date-range-picker" role="group" aria-label="Date range">
        <button class="date-btn active" data-range="today" type="button">1D</button>
        <button class="date-btn" data-range="7d" type="button">7D</button>
        <button class="date-btn" data-range="30d" type="button">30D</button>
        <button class="date-btn" data-range="90d" type="button">90D</button>
      </div>
      <div class="page-meta">
        <span id="freshness-indicator" class="freshness" aria-live="polite"></span>
        <span id="refresh-countdown" class="countdown" aria-live="polite"></span>
      </div>
    </div>

    <!-- Main -->
    <main class="main">

      <!-- KPI Cards -->
      <section class="section" aria-label="Key performance indicators">
        <div class="section-header">
          <h2 class="section-title">Overview</h2>
          <span class="section-badge" id="task-count-badge">0 tasks</span>
        </div>
        <div class="kpi-grid">
          <div class="kpi-card" data-metric="tasks-completed">
            <div class="kpi-label">Tasks Completed<span class="info-icon" data-tooltip="Total tasks shipped as merged PRs in the selected period" tabindex="0" aria-label="Total tasks shipped as merged PRs in the selected period">i</span></div>
            <div class="kpi-value" id="kpi-tasks"><span class="skeleton">&nbsp;</span></div>
            <div class="kpi-meta">shipwright_task_completed events</div>
          </div>
          <div class="kpi-card" data-metric="ci-first-pass">
            <div class="kpi-label">CI First-Pass Rate<span class="info-icon" data-tooltip="% of CI gate runs that passed without any fix attempts" tabindex="0" aria-label="% of CI gate runs that passed without any fix attempts">i</span></div>
            <div class="kpi-value" id="kpi-ci-rate"><span class="skeleton">&nbsp;</span></div>
            <div class="kpi-meta">passed_first_try / total gates</div>
          </div>
          <div class="kpi-card" data-metric="estimation-accuracy">
            <div class="kpi-label">Estimation Accuracy<span class="info-icon" data-tooltip="How close estimated hours are to actual — 0% is perfect" tabindex="0" aria-label="How close estimated hours are to actual — 0% is perfect">i</span></div>
            <div class="kpi-value" id="kpi-estimation"><span class="skeleton">&nbsp;</span></div>
            <div class="kpi-meta">mean (actual_h / estimated_h - 1)</div>
          </div>
          <div class="kpi-card" data-metric="review-ship-it">
            <div class="kpi-label">Review SHIP IT Rate<span class="info-icon" data-tooltip="% of code reviews that received an immediate ship-it verdict" tabindex="0" aria-label="% of code reviews that received an immediate ship-it verdict">i</span></div>
            <div class="kpi-value" id="kpi-review-rate"><span class="skeleton">&nbsp;</span></div>
            <div class="kpi-meta">SHIP IT / total reviews</div>
          </div>
        </div>
      </section>

      <!-- Pipeline Queue -->
      <section class="section" aria-label="Pipeline queue">
        <div class="section-header">
          <h2 class="section-title">Pipeline Queue</h2>
        </div>
        <div class="queue-grid">

          <!-- Throughput -->
          <div class="quality-panel">
            <h3 class="panel-title">Throughput</h3>
            <div class="stat-row" data-metric="tasks-started">
              <span class="stat-label">Started<span class="info-icon" data-tooltip="Tasks that moved from pending to in_progress in the period" tabindex="0" aria-label="Tasks that moved from pending to in_progress in the period">i</span></span>
              <span class="stat-value" id="queue-started">--</span>
            </div>
            <div class="stat-row">
              <span class="stat-label">Approved<span class="info-icon" data-tooltip="PRs that received a SHIP IT review verdict" tabindex="0" aria-label="PRs that received a SHIP IT review verdict">i</span></span>
              <span class="stat-value" id="queue-approved">--</span>
            </div>
            <div class="stat-row">
              <span class="stat-label">Merged<span class="info-icon" data-tooltip="PRs merged to main in the selected period" tabindex="0" aria-label="PRs merged to main in the selected period">i</span></span>
              <span class="stat-value" id="queue-merged">--</span>
            </div>
            <div class="stat-row" data-metric="tasks-blocked">
              <span class="stat-label">Blocked<span class="info-icon" data-tooltip="Tasks stuck on a human-blocking issue" tabindex="0" aria-label="Tasks stuck on a human-blocking issue">i</span></span>
              <span class="stat-value" id="queue-blocked">--</span>
            </div>
          </div>

          <!-- Cycle Time -->
          <div class="quality-panel">
            <h3 class="panel-title">Cycle Time</h3>
            <div class="stat-row" data-metric="avg-cycle-time">
              <span class="stat-label">Avg cycle time<span class="info-icon" data-tooltip="Mean wall-clock hours from task start to PR merge" tabindex="0" aria-label="Mean wall-clock hours from task start to PR merge">i</span></span>
              <span class="stat-value" id="queue-cycle-time">--</span>
            </div>
          </div>

          <!-- Block Rate -->
          <div class="quality-panel">
            <h3 class="panel-title">Block Rate</h3>
            <div class="stat-row" data-metric="block-rate">
              <span class="stat-label">Rate<span class="info-icon" data-tooltip="% of started tasks that ended up in a blocked state" tabindex="0" aria-label="% of started tasks that ended up in a blocked state">i</span></span>
              <span class="stat-value" id="queue-block-rate">--%</span>
            </div>
          </div>

          <!-- Review Findings -->
          <div class="quality-panel">
            <h3 class="panel-title">Review Findings</h3>
            <div class="stat-row" data-metric="avg-review-findings">
              <span class="stat-label">Avg per task<span class="info-icon" data-tooltip="Mean number of review findings (bugs/suggestions) per task" tabindex="0" aria-label="Mean number of review findings (bugs/suggestions) per task">i</span></span>
              <span class="stat-value" id="queue-review-findings">--</span>
            </div>
          </div>

        </div>
      </section>

      <!-- Pipeline Quality -->
      <section class="section" aria-label="Pipeline quality">
        <div class="section-header">
          <h2 class="section-title">Pipeline Quality</h2>
        </div>
        <div class="quality-grid">

          <!-- CI Gates -->
          <div class="quality-panel">
            <h3 class="panel-title">CI Gates</h3>
            <div class="stat-row" data-metric="ci-gates">
              <span class="stat-label">Total gates<span class="info-icon" data-tooltip="Total CI runs triggered by PRs in the period" tabindex="0" aria-label="Total CI runs triggered by PRs in the period">i</span></span>
              <span class="stat-value" id="ci-total">--</span>
            </div>
            <div class="stat-row" data-metric="ci-first-pass-count">
              <span class="stat-label">First-pass<span class="info-icon" data-tooltip="CI runs that passed without any fix commits" tabindex="0" aria-label="CI runs that passed without any fix commits">i</span></span>
              <span class="stat-value" id="ci-first">--</span>
            </div>
            <div class="stat-row" data-metric="avg-fix-attempts">
              <span class="stat-label">Avg fix attempts<span class="info-icon" data-tooltip="Mean number of fix commits needed before CI passed" tabindex="0" aria-label="Mean number of fix commits needed before CI passed">i</span></span>
              <span class="stat-value" id="ci-fix-avg">--</span>
            </div>
          </div>

          <!-- Simplify -->
          <div class="quality-panel">
            <h3 class="panel-title">Simplify Fixes</h3>
            <div class="stat-row" data-metric="simplify-total">
              <span class="stat-label">Total fixes<span class="info-icon" data-tooltip="Code simplifications applied automatically after implementation" tabindex="0" aria-label="Code simplifications applied automatically after implementation">i</span></span>
              <span class="stat-value" id="simplify-total">--</span>
            </div>
            <div class="simplify-breakdown" id="simplify-breakdown">
              <div class="bar-item" data-metric="simplify-dry"><span class="bar-label">DRY<span class="info-icon" data-tooltip="Duplicated code extractions applied" tabindex="0" aria-label="Duplicated code extractions applied">i</span></span><div class="bar-track"><div class="bar-fill" id="bar-dry"></div></div><span class="bar-val" id="val-dry">--</span></div>
              <div class="bar-item" data-metric="simplify-dead"><span class="bar-label">Dead code<span class="info-icon" data-tooltip="Unused imports, variables, or functions removed" tabindex="0" aria-label="Unused imports, variables, or functions removed">i</span></span><div class="bar-track"><div class="bar-fill" id="bar-dead"></div></div><span class="bar-val" id="val-dead">--</span></div>
              <div class="bar-item" data-metric="simplify-naming"><span class="bar-label">Naming<span class="info-icon" data-tooltip="Variable and function name improvements applied" tabindex="0" aria-label="Variable and function name improvements applied">i</span></span><div class="bar-track"><div class="bar-fill" id="bar-naming"></div></div><span class="bar-val" id="val-naming">--</span></div>
              <div class="bar-item" data-metric="simplify-complexity"><span class="bar-label">Complexity<span class="info-icon" data-tooltip="Over-engineered patterns simplified" tabindex="0" aria-label="Over-engineered patterns simplified">i</span></span><div class="bar-track"><div class="bar-fill" id="bar-complexity"></div></div><span class="bar-val" id="val-complexity">--</span></div>
              <div class="bar-item" data-metric="simplify-consistency"><span class="bar-label">Consistency<span class="info-icon" data-tooltip="Style or pattern inconsistencies corrected" tabindex="0" aria-label="Style or pattern inconsistencies corrected">i</span></span><div class="bar-track"><div class="bar-fill" id="bar-consistency"></div></div><span class="bar-val" id="val-consistency">--</span></div>
            </div>
          </div>

          <!-- Reviews -->
          <div class="quality-panel">
            <h3 class="panel-title">Reviews</h3>
            <div class="stat-row" data-metric="reviews-total">
              <span class="stat-label">Total reviews<span class="info-icon" data-tooltip="Code reviews run by the shipwright review agent" tabindex="0" aria-label="Code reviews run by the shipwright review agent">i</span></span>
              <span class="stat-value" id="review-total">--</span>
            </div>
            <div class="stat-row" data-metric="reviews-ship-it">
              <span class="stat-label">SHIP IT<span class="info-icon" data-tooltip="Reviews where no blocking issues were found" tabindex="0" aria-label="Reviews where no blocking issues were found">i</span></span>
              <span class="stat-value good" id="review-ship-it">--</span>
            </div>
          </div>

          <!-- Coverage -->
          <div class="quality-panel">
            <h3 class="panel-title">Coverage</h3>
            <div class="stat-row">
              <span class="stat-label">Reports<span class="info-icon" data-tooltip="Tasks with a measured coverage delta" tabindex="0" aria-label="Tasks with a measured coverage delta">i</span></span>
              <span class="stat-value" id="coverage-reports">--</span>
            </div>
            <div class="stat-row">
              <span class="stat-label">Avg delta<span class="info-icon" data-tooltip="Mean change in line coverage % across all reports" tabindex="0" aria-label="Mean change in line coverage % across all reports">i</span></span>
              <span class="stat-value" id="coverage-delta">--</span>
            </div>
          </div>

        </div>
      </section>

      <!-- Token Usage -->
      <section class="section" aria-label="Token usage">
        <div class="section-header">
          <h2 class="section-title">Token Usage</h2>
        </div>
        <div class="token-kpi-row">
          <div class="kpi-card" data-metric="token-input">
            <div class="kpi-label">Input Tokens</div>
            <div class="kpi-value" id="token-input"><span class="skeleton">&nbsp;</span></div>
            <div class="kpi-meta">total input tokens</div>
          </div>
          <div class="kpi-card" data-metric="token-output">
            <div class="kpi-label">Output Tokens</div>
            <div class="kpi-value" id="token-output"><span class="skeleton">&nbsp;</span></div>
            <div class="kpi-meta">total output tokens</div>
          </div>
          <div class="kpi-card" data-metric="token-cache">
            <div class="kpi-label">Cache Tokens</div>
            <div class="kpi-value" id="token-cache"><span class="skeleton">&nbsp;</span></div>
            <div class="kpi-meta">cache read + creation</div>
          </div>
          <div class="kpi-card" data-metric="token-cost">
            <div class="kpi-label">Total Cost</div>
            <div class="kpi-value" id="token-cost"><span class="skeleton">&nbsp;</span></div>
            <div class="kpi-meta">total cost (USD)</div>
          </div>
        </div>
        <div class="quality-panel">
          <h3 class="panel-title">By Agent</h3>
          <table class="token-table" id="token-agent-table">
            <thead>
              <tr><th>Agent</th><th>Cron</th><th>DM/Mention</th><th>Total</th><th>Cost ($)</th></tr>
            </thead>
            <tbody id="token-agent-tbody"></tbody>
          </table>
          <p id="token-agent-empty" class="empty-state" style="display:none">No data</p>
        </div>
        <div class="token-trends-section">
          <div class="token-trends-toggles" role="group" aria-label="Token series">
            <button class="token-series-btn active" data-token-series="input" type="button">Input</button>
            <button class="token-series-btn" data-token-series="output" type="button">Output</button>
            <button class="token-series-btn" data-token-series="total" type="button">Total</button>
            <button class="token-series-btn" data-token-series="all" type="button">All</button>
          </div>
          <div class="chart-container token-trends-chart-container">
            <canvas id="token-trends-chart" aria-label="Token usage trends chart"></canvas>
          </div>
        </div>
      </section>

      <!-- Feature Breakdown -->
      <section class="section features-section" aria-label="Feature breakdown">
        <div class="section-header">
          <h2 class="section-title">Feature Breakdown</h2>
        </div>
        <div class="features-table-wrapper">
          <table class="features-table">
            <thead>
              <tr>
                <th>Feature<span class="info-icon" data-tooltip="Planning session or feature group name" tabindex="0" aria-label="Planning session or feature group name">i</span></th>
                <th>Tasks<span class="info-icon" data-tooltip="Number of tasks shipped in this feature" tabindex="0" aria-label="Number of tasks shipped in this feature">i</span></th>
                <th>Avg Hrs<span class="info-icon" data-tooltip="Mean actual hours per task" tabindex="0" aria-label="Mean actual hours per task">i</span></th>
                <th>CI Pass<span class="info-icon" data-tooltip="CI first-pass rate for this feature's tasks" tabindex="0" aria-label="CI first-pass rate for this feature's tasks">i</span></th>
                <th>Review<span class="info-icon" data-tooltip="SHIP IT rate for this feature's tasks" tabindex="0" aria-label="SHIP IT rate for this feature's tasks">i</span></th>
              </tr>
            </thead>
            <tbody id="features-tbody"></tbody>
          </table>
        </div>
        <p id="features-empty" class="empty-state" style="display:none">No feature data for this period</p>
      </section>

      <!-- Efficiency -->
      <section class="section" aria-label="Efficiency">
        <div class="section-header">
          <h2 class="section-title">Efficiency</h2>
        </div>
        <div class="efficiency-grid">
          <div class="stat-block" data-metric="avg-actual-hours">
            <span class="stat-block-value" id="eff-avg-hours">--</span>
            <span class="stat-block-label">Avg actual hours<span class="info-icon" data-tooltip="Mean wall-clock hours per task from start to PR merge" tabindex="0" aria-label="Mean wall-clock hours per task from start to PR merge">i</span></span>
          </div>
          <div class="stat-block" data-metric="avg-estimated-hours">
            <span class="stat-block-value" id="eff-est-hours">--</span>
            <span class="stat-block-label">Avg estimated hours<span class="info-icon" data-tooltip="Mean planned hours per task from the planning doc" tabindex="0" aria-label="Mean planned hours per task from the planning doc">i</span></span>
          </div>
          <div class="stat-block" data-metric="avg-retries">
            <span class="stat-block-value" id="eff-retries">--</span>
            <span class="stat-block-label">Avg retries<span class="info-icon" data-tooltip="Mean CI fix attempts needed before the CI gate passed" tabindex="0" aria-label="Mean CI fix attempts needed before the CI gate passed">i</span></span>
          </div>
          <div class="stat-block" data-metric="avg-files-changed">
            <span class="stat-block-value" id="eff-files">--</span>
            <span class="stat-block-label">Avg files changed<span class="info-icon" data-tooltip="Mean files modified per task" tabindex="0" aria-label="Mean files modified per task">i</span></span>
          </div>
        </div>
      </section>

      <!-- Trends -->
      <section class="section" aria-label="Trends">
        <div class="section-header">
          <h2 class="section-title">Trends</h2>
        </div>
        <div class="chart-container">
          <canvas id="trends-chart" aria-label="Pipeline trends chart"></canvas>
        </div>
      </section>

    </main>

    <!-- Metric Graph Modal -->
    <div id="metric-modal" class="metric-modal" role="dialog" aria-modal="true" aria-labelledby="metric-modal-title" hidden>
      <div class="metric-modal-backdrop"></div>
      <div class="metric-modal-box">
        <div class="metric-modal-header">
          <h3 class="metric-modal-title" id="metric-modal-title">Metric</h3>
          <button class="metric-modal-close" type="button" aria-label="Close modal">×</button>
        </div>
        <div class="metric-modal-body">
          <canvas id="metric-chart" aria-label="Metric trend chart"></canvas>
        </div>
      </div>
    </div>

  </div>

  <script>window.__METRICS_BASE__ = "";</script>
  <script src="https://cdn.jsdelivr.net/npm/chart.js@4/dist/chart.umd.min.js"></script>
  <script src="/dashboard/app.js"></script>
</body>
</html>"
`;

exports[`renderDashboardPage — MG-1.2 clickable metric graphs snapshot matches after MG-1.2 changes 1`] = `
"<!DOCTYPE html>
<html lang="en">
<head>
  <meta charset="utf-8" />
  <meta name="viewport" content="width=device-width, initial-scale=1" />
  <title>Metrics — Vitals OS</title>
  <style>
    *, *::before, *::after { box-sizing: border-box; margin: 0; padding: 0; }
    html { font-size: 16px; -webkit-font-smoothing: antialiased; }
    body {
      font-family: -apple-system, BlinkMacSystemFont, "Segoe UI", Roboto, Helvetica, Arial, sans-serif;
      background: #f7f7fb;
      color: #1a1a2e;
      min-height: 100vh;
    }

    /* ─── Toolbar ───────────────────────────────────────── */
    .vos-toolbar {
      background: #fff;
      border-bottom: 1px solid #e8e8ee;
      height: 52px;
      display: flex;
      align-items: center;
      padding: 0 24px;
      gap: 24px;
      position: sticky;
      top: 0;
      z-index: 100;
    }
    .vos-wordmark {
      font-size: 15px;
      font-weight: 700;
      color: #1a1a2e;
      text-decoration: none;
      letter-spacing: -0.3px;
      flex-shrink: 0;
    }
    .vos-wordmark:hover { color: #4f46e5; }
    .vos-nav {
      display: flex;
      align-items: center;
      gap: 4px;
      flex: 1;
    }
    .vos-nav-link {
      padding: 5px 12px;
      border-radius: 6px;
      font-size: 13px;
      font-weight: 500;
      color: #6b7280;
      text-decoration: none;
      transition: background 0.1s, color 0.1s;
      white-space: nowrap;
    }
    .vos-nav-link:hover { background: #f3f4f6; color: #1a1a2e; }
    .vos-nav-link.active {
      background: #eef2ff;
      color: #4f46e5;
      font-weight: 600;
    }
    .vos-user {
      display: flex;
      align-items: center;
      gap: 12px;
      flex-shrink: 0;
      margin-left: auto;
    }
    .vos-username {
      font-size: 13px;
      color: #6b7280;
      white-space: nowrap;
      overflow: hidden;
      text-overflow: ellipsis;
      max-width: 160px;
    }
    .vos-signout-btn {
      font-size: 13px;
      font-weight: 500;
      color: #6b7280;
      background: none;
      border: 1px solid #e8e8ee;
      border-radius: 6px;
      padding: 5px 12px;
      cursor: pointer;
      font-family: inherit;
      transition: background 0.1s, color 0.1s, border-color 0.1s;
      white-space: nowrap;
    }
    .vos-signout-btn:hover { background: #f7f7fb; color: #1a1a2e; border-color: #d1d5db; }

    /* ─── Page body ─────────────────────────────────────── */
    .vos-page {
      max-width: 960px;
      margin: 0 auto;
      padding: 32px 24px 64px;
    }

    @media (max-width: 640px) {
      .vos-toolbar { padding: 0 16px; gap: 12px; }
      .vos-username { display: none; }
      .vos-nav-link { padding: 5px 8px; }
      .vos-page { padding: 20px 16px 48px; }
    }
  </style>
  <link rel="stylesheet" href="/dashboard/styles.css" />
</head>
<body>
  <nav class="vos-toolbar" aria-label="Site navigation">
    <a href="/admin/agents" class="vos-wordmark">Shipwright</a>
    <div class="vos-nav">
      <a href="/admin/agents" class="vos-nav-link">Agents</a>
      <a href="/admin/provision" class="vos-nav-link">Provision</a>
      <a href="/admin/tasks" class="vos-nav-link">Tasks</a>
      <a href="/admin/prs" class="vos-nav-link">PRs</a>
      <a href="/dashboard" class="vos-nav-link active">Metrics</a>
    </div>
    <div class="vos-user">
      <span class="vos-username">Alice</span>
      <form method="POST" action="/admin/logout" style="margin:0">
        <button type="submit" class="vos-signout-btn">Sign out</button>
      </form>
    </div>
  </nav>
  <div class="app">

    <!-- Page Controls -->
    <div class="page-controls">
      <div class="date-range-picker" role="group" aria-label="Date range">
        <button class="date-btn active" data-range="today" type="button">1D</button>
        <button class="date-btn" data-range="7d" type="button">7D</button>
        <button class="date-btn" data-range="30d" type="button">30D</button>
        <button class="date-btn" data-range="90d" type="button">90D</button>
      </div>
      <div class="page-meta">
        <span id="freshness-indicator" class="freshness" aria-live="polite"></span>
        <span id="refresh-countdown" class="countdown" aria-live="polite"></span>
      </div>
    </div>

    <!-- Main -->
    <main class="main">

      <!-- KPI Cards -->
      <section class="section" aria-label="Key performance indicators">
        <div class="section-header">
          <h2 class="section-title">Overview</h2>
          <span class="section-badge" id="task-count-badge">0 tasks</span>
        </div>
        <div class="kpi-grid">
          <div class="kpi-card" data-metric="tasks-completed">
            <div class="kpi-label">Tasks Completed<span class="info-icon" data-tooltip="Total tasks shipped as merged PRs in the selected period" tabindex="0" aria-label="Total tasks shipped as merged PRs in the selected period">i</span></div>
            <div class="kpi-value" id="kpi-tasks"><span class="skeleton">&nbsp;</span></div>
            <div class="kpi-meta">shipwright_task_completed events</div>
          </div>
          <div class="kpi-card" data-metric="ci-first-pass">
            <div class="kpi-label">CI First-Pass Rate<span class="info-icon" data-tooltip="% of CI gate runs that passed without any fix attempts" tabindex="0" aria-label="% of CI gate runs that passed without any fix attempts">i</span></div>
            <div class="kpi-value" id="kpi-ci-rate"><span class="skeleton">&nbsp;</span></div>
            <div class="kpi-meta">passed_first_try / total gates</div>
          </div>
          <div class="kpi-card" data-metric="estimation-accuracy">
            <div class="kpi-label">Estimation Accuracy<span class="info-icon" data-tooltip="How close estimated hours are to actual — 0% is perfect" tabindex="0" aria-label="How close estimated hours are to actual — 0% is perfect">i</span></div>
            <div class="kpi-value" id="kpi-estimation"><span class="skeleton">&nbsp;</span></div>
            <div class="kpi-meta">mean (actual_h / estimated_h - 1)</div>
          </div>
          <div class="kpi-card" data-metric="review-ship-it">
            <div class="kpi-label">Review SHIP IT Rate<span class="info-icon" data-tooltip="% of code reviews that received an immediate ship-it verdict" tabindex="0" aria-label="% of code reviews that received an immediate ship-it verdict">i</span></div>
            <div class="kpi-value" id="kpi-review-rate"><span class="skeleton">&nbsp;</span></div>
            <div class="kpi-meta">SHIP IT / total reviews</div>
          </div>
        </div>
      </section>

      <!-- Pipeline Queue -->
      <section class="section" aria-label="Pipeline queue">
        <div class="section-header">
          <h2 class="section-title">Pipeline Queue</h2>
        </div>
        <div class="queue-grid">

          <!-- Throughput -->
          <div class="quality-panel">
            <h3 class="panel-title">Throughput</h3>
            <div class="stat-row" data-metric="tasks-started">
              <span class="stat-label">Started<span class="info-icon" data-tooltip="Tasks that moved from pending to in_progress in the period" tabindex="0" aria-label="Tasks that moved from pending to in_progress in the period">i</span></span>
              <span class="stat-value" id="queue-started">--</span>
            </div>
            <div class="stat-row">
              <span class="stat-label">Approved<span class="info-icon" data-tooltip="PRs that received a SHIP IT review verdict" tabindex="0" aria-label="PRs that received a SHIP IT review verdict">i</span></span>
              <span class="stat-value" id="queue-approved">--</span>
            </div>
            <div class="stat-row">
              <span class="stat-label">Merged<span class="info-icon" data-tooltip="PRs merged to main in the selected period" tabindex="0" aria-label="PRs merged to main in the selected period">i</span></span>
              <span class="stat-value" id="queue-merged">--</span>
            </div>
            <div class="stat-row" data-metric="tasks-blocked">
              <span class="stat-label">Blocked<span class="info-icon" data-tooltip="Tasks stuck on a human-blocking issue" tabindex="0" aria-label="Tasks stuck on a human-blocking issue">i</span></span>
              <span class="stat-value" id="queue-blocked">--</span>
            </div>
          </div>

          <!-- Cycle Time -->
          <div class="quality-panel">
            <h3 class="panel-title">Cycle Time</h3>
            <div class="stat-row" data-metric="avg-cycle-time">
              <span class="stat-label">Avg cycle time<span class="info-icon" data-tooltip="Mean wall-clock hours from task start to PR merge" tabindex="0" aria-label="Mean wall-clock hours from task start to PR merge">i</span></span>
              <span class="stat-value" id="queue-cycle-time">--</span>
            </div>
          </div>

          <!-- Block Rate -->
          <div class="quality-panel">
            <h3 class="panel-title">Block Rate</h3>
            <div class="stat-row" data-metric="block-rate">
              <span class="stat-label">Rate<span class="info-icon" data-tooltip="% of started tasks that ended up in a blocked state" tabindex="0" aria-label="% of started tasks that ended up in a blocked state">i</span></span>
              <span class="stat-value" id="queue-block-rate">--%</span>
            </div>
          </div>

          <!-- Review Findings -->
          <div class="quality-panel">
            <h3 class="panel-title">Review Findings</h3>
            <div class="stat-row" data-metric="avg-review-findings">
              <span class="stat-label">Avg per task<span class="info-icon" data-tooltip="Mean number of review findings (bugs/suggestions) per task" tabindex="0" aria-label="Mean number of review findings (bugs/suggestions) per task">i</span></span>
              <span class="stat-value" id="queue-review-findings">--</span>
            </div>
          </div>

        </div>
      </section>

      <!-- Pipeline Quality -->
      <section class="section" aria-label="Pipeline quality">
        <div class="section-header">
          <h2 class="section-title">Pipeline Quality</h2>
        </div>
        <div class="quality-grid">

          <!-- CI Gates -->
          <div class="quality-panel">
            <h3 class="panel-title">CI Gates</h3>
            <div class="stat-row" data-metric="ci-gates">
              <span class="stat-label">Total gates<span class="info-icon" data-tooltip="Total CI runs triggered by PRs in the period" tabindex="0" aria-label="Total CI runs triggered by PRs in the period">i</span></span>
              <span class="stat-value" id="ci-total">--</span>
            </div>
            <div class="stat-row" data-metric="ci-first-pass-count">
              <span class="stat-label">First-pass<span class="info-icon" data-tooltip="CI runs that passed without any fix commits" tabindex="0" aria-label="CI runs that passed without any fix commits">i</span></span>
              <span class="stat-value" id="ci-first">--</span>
            </div>
            <div class="stat-row" data-metric="avg-fix-attempts">
              <span class="stat-label">Avg fix attempts<span class="info-icon" data-tooltip="Mean number of fix commits needed before CI passed" tabindex="0" aria-label="Mean number of fix commits needed before CI passed">i</span></span>
              <span class="stat-value" id="ci-fix-avg">--</span>
            </div>
          </div>

          <!-- Simplify -->
          <div class="quality-panel">
            <h3 class="panel-title">Simplify Fixes</h3>
            <div class="stat-row" data-metric="simplify-total">
              <span class="stat-label">Total fixes<span class="info-icon" data-tooltip="Code simplifications applied automatically after implementation" tabindex="0" aria-label="Code simplifications applied automatically after implementation">i</span></span>
              <span class="stat-value" id="simplify-total">--</span>
            </div>
            <div class="simplify-breakdown" id="simplify-breakdown">
              <div class="bar-item" data-metric="simplify-dry"><span class="bar-label">DRY<span class="info-icon" data-tooltip="Duplicated code extractions applied" tabindex="0" aria-label="Duplicated code extractions applied">i</span></span><div class="bar-track"><div class="bar-fill" id="bar-dry"></div></div><span class="bar-val" id="val-dry">--</span></div>
              <div class="bar-item" data-metric="simplify-dead"><span class="bar-label">Dead code<span class="info-icon" data-tooltip="Unused imports, variables, or functions removed" tabindex="0" aria-label="Unused imports, variables, or functions removed">i</span></span><div class="bar-track"><div class="bar-fill" id="bar-dead"></div></div><span class="bar-val" id="val-dead">--</span></div>
              <div class="bar-item" data-metric="simplify-naming"><span class="bar-label">Naming<span class="info-icon" data-tooltip="Variable and function name improvements applied" tabindex="0" aria-label="Variable and function name improvements applied">i</span></span><div class="bar-track"><div class="bar-fill" id="bar-naming"></div></div><span class="bar-val" id="val-naming">--</span></div>
              <div class="bar-item" data-metric="simplify-complexity"><span class="bar-label">Complexity<span class="info-icon" data-tooltip="Over-engineered patterns simplified" tabindex="0" aria-label="Over-engineered patterns simplified">i</span></span><div class="bar-track"><div class="bar-fill" id="bar-complexity"></div></div><span class="bar-val" id="val-complexity">--</span></div>
              <div class="bar-item" data-metric="simplify-consistency"><span class="bar-label">Consistency<span class="info-icon" data-tooltip="Style or pattern inconsistencies corrected" tabindex="0" aria-label="Style or pattern inconsistencies corrected">i</span></span><div class="bar-track"><div class="bar-fill" id="bar-consistency"></div></div><span class="bar-val" id="val-consistency">--</span></div>
            </div>
          </div>

          <!-- Reviews -->
          <div class="quality-panel">
            <h3 class="panel-title">Reviews</h3>
            <div class="stat-row" data-metric="reviews-total">
              <span class="stat-label">Total reviews<span class="info-icon" data-tooltip="Code reviews run by the shipwright review agent" tabindex="0" aria-label="Code reviews run by the shipwright review agent">i</span></span>
              <span class="stat-value" id="review-total">--</span>
            </div>
            <div class="stat-row" data-metric="reviews-ship-it">
              <span class="stat-label">SHIP IT<span class="info-icon" data-tooltip="Reviews where no blocking issues were found" tabindex="0" aria-label="Reviews where no blocking issues were found">i</span></span>
              <span class="stat-value good" id="review-ship-it">--</span>
            </div>
          </div>

          <!-- Coverage -->
          <div class="quality-panel">
            <h3 class="panel-title">Coverage</h3>
            <div class="stat-row">
              <span class="stat-label">Reports<span class="info-icon" data-tooltip="Tasks with a measured coverage delta" tabindex="0" aria-label="Tasks with a measured coverage delta">i</span></span>
              <span class="stat-value" id="coverage-reports">--</span>
            </div>
            <div class="stat-row">
              <span class="stat-label">Avg delta<span class="info-icon" data-tooltip="Mean change in line coverage % across all reports" tabindex="0" aria-label="Mean change in line coverage % across all reports">i</span></span>
              <span class="stat-value" id="coverage-delta">--</span>
            </div>
          </div>

        </div>
      </section>

      <!-- Token Usage -->
      <section class="section" aria-label="Token usage">
        <div class="section-header">
          <h2 class="section-title">Token Usage</h2>
        </div>
        <div class="token-kpi-row">
          <div class="kpi-card" data-metric="token-input">
            <div class="kpi-label">Input Tokens</div>
            <div class="kpi-value" id="token-input"><span class="skeleton">&nbsp;</span></div>
            <div class="kpi-meta">total input tokens</div>
          </div>
          <div class="kpi-card" data-metric="token-output">
            <div class="kpi-label">Output Tokens</div>
            <div class="kpi-value" id="token-output"><span class="skeleton">&nbsp;</span></div>
            <div class="kpi-meta">total output tokens</div>
          </div>
          <div class="kpi-card" data-metric="token-cache">
            <div class="kpi-label">Cache Tokens</div>
            <div class="kpi-value" id="token-cache"><span class="skeleton">&nbsp;</span></div>
            <div class="kpi-meta">cache read + creation</div>
          </div>
          <div class="kpi-card" data-metric="token-cost">
            <div class="kpi-label">Total Cost</div>
            <div class="kpi-value" id="token-cost"><span class="skeleton">&nbsp;</span></div>
            <div class="kpi-meta">total cost (USD)</div>
          </div>
        </div>
        <div class="quality-panel">
          <h3 class="panel-title">By Agent</h3>
          <table class="token-table" id="token-agent-table">
            <thead>
              <tr><th>Agent</th><th>Cron</th><th>DM/Mention</th><th>Total</th><th>Cost ($)</th></tr>
            </thead>
            <tbody id="token-agent-tbody"></tbody>
          </table>
          <p id="token-agent-empty" class="empty-state" style="display:none">No data</p>
        </div>
        <div class="token-trends-section">
          <div class="token-trends-toggles" role="group" aria-label="Token series">
            <button class="token-series-btn active" data-token-series="input" type="button">Input</button>
            <button class="token-series-btn" data-token-series="output" type="button">Output</button>
            <button class="token-series-btn" data-token-series="total" type="button">Total</button>
            <button class="token-series-btn" data-token-series="all" type="button">All</button>
          </div>
          <div class="chart-container token-trends-chart-container">
            <canvas id="token-trends-chart" aria-label="Token usage trends chart"></canvas>
          </div>
        </div>
      </section>

      <!-- Feature Breakdown -->
      <section class="section features-section" aria-label="Feature breakdown">
        <div class="section-header">
          <h2 class="section-title">Feature Breakdown</h2>
        </div>
        <div class="features-table-wrapper">
          <table class="features-table">
            <thead>
              <tr>
                <th>Feature<span class="info-icon" data-tooltip="Planning session or feature group name" tabindex="0" aria-label="Planning session or feature group name">i</span></th>
                <th>Tasks<span class="info-icon" data-tooltip="Number of tasks shipped in this feature" tabindex="0" aria-label="Number of tasks shipped in this feature">i</span></th>
                <th>Avg Hrs<span class="info-icon" data-tooltip="Mean actual hours per task" tabindex="0" aria-label="Mean actual hours per task">i</span></th>
                <th>CI Pass<span class="info-icon" data-tooltip="CI first-pass rate for this feature's tasks" tabindex="0" aria-label="CI first-pass rate for this feature's tasks">i</span></th>
                <th>Review<span class="info-icon" data-tooltip="SHIP IT rate for this feature's tasks" tabindex="0" aria-label="SHIP IT rate for this feature's tasks">i</span></th>
              </tr>
            </thead>
            <tbody id="features-tbody"></tbody>
          </table>
        </div>
        <p id="features-empty" class="empty-state" style="display:none">No feature data for this period</p>
      </section>

      <!-- Efficiency -->
      <section class="section" aria-label="Efficiency">
        <div class="section-header">
          <h2 class="section-title">Efficiency</h2>
        </div>
        <div class="efficiency-grid">
          <div class="stat-block" data-metric="avg-actual-hours">
            <span class="stat-block-value" id="eff-avg-hours">--</span>
            <span class="stat-block-label">Avg actual hours<span class="info-icon" data-tooltip="Mean wall-clock hours per task from start to PR merge" tabindex="0" aria-label="Mean wall-clock hours per task from start to PR merge">i</span></span>
          </div>
          <div class="stat-block" data-metric="avg-estimated-hours">
            <span class="stat-block-value" id="eff-est-hours">--</span>
            <span class="stat-block-label">Avg estimated hours<span class="info-icon" data-tooltip="Mean planned hours per task from the planning doc" tabindex="0" aria-label="Mean planned hours per task from the planning doc">i</span></span>
          </div>
          <div class="stat-block" data-metric="avg-retries">
            <span class="stat-block-value" id="eff-retries">--</span>
            <span class="stat-block-label">Avg retries<span class="info-icon" data-tooltip="Mean CI fix attempts needed before the CI gate passed" tabindex="0" aria-label="Mean CI fix attempts needed before the CI gate passed">i</span></span>
          </div>
          <div class="stat-block" data-metric="avg-files-changed">
            <span class="stat-block-value" id="eff-files">--</span>
            <span class="stat-block-label">Avg files changed<span class="info-icon" data-tooltip="Mean files modified per task" tabindex="0" aria-label="Mean files modified per task">i</span></span>
          </div>
        </div>
      </section>

      <!-- Trends -->
      <section class="section" aria-label="Trends">
        <div class="section-header">
          <h2 class="section-title">Trends</h2>
        </div>
        <div class="chart-container">
          <canvas id="trends-chart" aria-label="Pipeline trends chart"></canvas>
        </div>
      </section>

    </main>

    <!-- Metric Graph Modal -->
    <div id="metric-modal" class="metric-modal" role="dialog" aria-modal="true" aria-labelledby="metric-modal-title" hidden>
      <div class="metric-modal-backdrop"></div>
      <div class="metric-modal-box">
        <div class="metric-modal-header">
          <h3 class="metric-modal-title" id="metric-modal-title">Metric</h3>
          <button class="metric-modal-close" type="button" aria-label="Close modal">×</button>
        </div>
        <div class="metric-modal-body">
          <canvas id="metric-chart" aria-label="Metric trend chart"></canvas>
        </div>
      </div>
    </div>

  </div>

  <script>window.__METRICS_BASE__ = "";</script>
  <script src="https://cdn.jsdelivr.net/npm/chart.js@4/dist/chart.umd.min.js"></script>
  <script src="/dashboard/app.js"></script>
</body>
</html>"
`;

exports[`renderDashboardPage — TK-1.2 token trends chart snapshot matches after TK-1.2 changes 1`] = `
"<!DOCTYPE html>
<html lang="en">
<head>
  <meta charset="utf-8" />
  <meta name="viewport" content="width=device-width, initial-scale=1" />
  <title>Metrics — Vitals OS</title>
  <style>
    *, *::before, *::after { box-sizing: border-box; margin: 0; padding: 0; }
    html { font-size: 16px; -webkit-font-smoothing: antialiased; }
    body {
      font-family: -apple-system, BlinkMacSystemFont, "Segoe UI", Roboto, Helvetica, Arial, sans-serif;
      background: #f7f7fb;
      color: #1a1a2e;
      min-height: 100vh;
    }

    /* ─── Toolbar ───────────────────────────────────────── */
    .vos-toolbar {
      background: #fff;
      border-bottom: 1px solid #e8e8ee;
      height: 52px;
      display: flex;
      align-items: center;
      padding: 0 24px;
      gap: 24px;
      position: sticky;
      top: 0;
      z-index: 100;
    }
    .vos-wordmark {
      font-size: 15px;
      font-weight: 700;
      color: #1a1a2e;
      text-decoration: none;
      letter-spacing: -0.3px;
      flex-shrink: 0;
    }
    .vos-wordmark:hover { color: #4f46e5; }
    .vos-nav {
      display: flex;
      align-items: center;
      gap: 4px;
      flex: 1;
    }
    .vos-nav-link {
      padding: 5px 12px;
      border-radius: 6px;
      font-size: 13px;
      font-weight: 500;
      color: #6b7280;
      text-decoration: none;
      transition: background 0.1s, color 0.1s;
      white-space: nowrap;
    }
    .vos-nav-link:hover { background: #f3f4f6; color: #1a1a2e; }
    .vos-nav-link.active {
      background: #eef2ff;
      color: #4f46e5;
      font-weight: 600;
    }
    .vos-user {
      display: flex;
      align-items: center;
      gap: 12px;
      flex-shrink: 0;
      margin-left: auto;
    }
    .vos-username {
      font-size: 13px;
      color: #6b7280;
      white-space: nowrap;
      overflow: hidden;
      text-overflow: ellipsis;
      max-width: 160px;
    }
    .vos-signout-btn {
      font-size: 13px;
      font-weight: 500;
      color: #6b7280;
      background: none;
      border: 1px solid #e8e8ee;
      border-radius: 6px;
      padding: 5px 12px;
      cursor: pointer;
      font-family: inherit;
      transition: background 0.1s, color 0.1s, border-color 0.1s;
      white-space: nowrap;
    }
    .vos-signout-btn:hover { background: #f7f7fb; color: #1a1a2e; border-color: #d1d5db; }

    /* ─── Page body ─────────────────────────────────────── */
    .vos-page {
      max-width: 960px;
      margin: 0 auto;
      padding: 32px 24px 64px;
    }

    @media (max-width: 640px) {
      .vos-toolbar { padding: 0 16px; gap: 12px; }
      .vos-username { display: none; }
      .vos-nav-link { padding: 5px 8px; }
      .vos-page { padding: 20px 16px 48px; }
    }
  </style>
  <link rel="stylesheet" href="/dashboard/styles.css" />
</head>
<body>
  <nav class="vos-toolbar" aria-label="Site navigation">
    <a href="/admin/agents" class="vos-wordmark">Shipwright</a>
    <div class="vos-nav">
      <a href="/admin/agents" class="vos-nav-link">Agents</a>
      <a href="/admin/provision" class="vos-nav-link">Provision</a>
      <a href="/admin/tasks" class="vos-nav-link">Tasks</a>
      <a href="/admin/prs" class="vos-nav-link">PRs</a>
      <a href="/dashboard" class="vos-nav-link active">Metrics</a>
    </div>
    <div class="vos-user">
      <span class="vos-username">Alice</span>
      <form method="POST" action="/admin/logout" style="margin:0">
        <button type="submit" class="vos-signout-btn">Sign out</button>
      </form>
    </div>
  </nav>
  <div class="app">

    <!-- Page Controls -->
    <div class="page-controls">
      <div class="date-range-picker" role="group" aria-label="Date range">
        <button class="date-btn active" data-range="today" type="button">1D</button>
        <button class="date-btn" data-range="7d" type="button">7D</button>
        <button class="date-btn" data-range="30d" type="button">30D</button>
        <button class="date-btn" data-range="90d" type="button">90D</button>
      </div>
      <div class="page-meta">
        <span id="freshness-indicator" class="freshness" aria-live="polite"></span>
        <span id="refresh-countdown" class="countdown" aria-live="polite"></span>
      </div>
    </div>

    <!-- Main -->
    <main class="main">

      <!-- KPI Cards -->
      <section class="section" aria-label="Key performance indicators">
        <div class="section-header">
          <h2 class="section-title">Overview</h2>
          <span class="section-badge" id="task-count-badge">0 tasks</span>
        </div>
        <div class="kpi-grid">
          <div class="kpi-card" data-metric="tasks-completed">
            <div class="kpi-label">Tasks Completed<span class="info-icon" data-tooltip="Total tasks shipped as merged PRs in the selected period" tabindex="0" aria-label="Total tasks shipped as merged PRs in the selected period">i</span></div>
            <div class="kpi-value" id="kpi-tasks"><span class="skeleton">&nbsp;</span></div>
            <div class="kpi-meta">shipwright_task_completed events</div>
          </div>
          <div class="kpi-card" data-metric="ci-first-pass">
            <div class="kpi-label">CI First-Pass Rate<span class="info-icon" data-tooltip="% of CI gate runs that passed without any fix attempts" tabindex="0" aria-label="% of CI gate runs that passed without any fix attempts">i</span></div>
            <div class="kpi-value" id="kpi-ci-rate"><span class="skeleton">&nbsp;</span></div>
            <div class="kpi-meta">passed_first_try / total gates</div>
          </div>
          <div class="kpi-card" data-metric="estimation-accuracy">
            <div class="kpi-label">Estimation Accuracy<span class="info-icon" data-tooltip="How close estimated hours are to actual — 0% is perfect" tabindex="0" aria-label="How close estimated hours are to actual — 0% is perfect">i</span></div>
            <div class="kpi-value" id="kpi-estimation"><span class="skeleton">&nbsp;</span></div>
            <div class="kpi-meta">mean (actual_h / estimated_h - 1)</div>
          </div>
          <div class="kpi-card" data-metric="review-ship-it">
            <div class="kpi-label">Review SHIP IT Rate<span class="info-icon" data-tooltip="% of code reviews that received an immediate ship-it verdict" tabindex="0" aria-label="% of code reviews that received an immediate ship-it verdict">i</span></div>
            <div class="kpi-value" id="kpi-review-rate"><span class="skeleton">&nbsp;</span></div>
            <div class="kpi-meta">SHIP IT / total reviews</div>
          </div>
        </div>
      </section>

      <!-- Pipeline Queue -->
      <section class="section" aria-label="Pipeline queue">
        <div class="section-header">
          <h2 class="section-title">Pipeline Queue</h2>
        </div>
        <div class="queue-grid">

          <!-- Throughput -->
          <div class="quality-panel">
            <h3 class="panel-title">Throughput</h3>
            <div class="stat-row" data-metric="tasks-started">
              <span class="stat-label">Started<span class="info-icon" data-tooltip="Tasks that moved from pending to in_progress in the period" tabindex="0" aria-label="Tasks that moved from pending to in_progress in the period">i</span></span>
              <span class="stat-value" id="queue-started">--</span>
            </div>
            <div class="stat-row">
              <span class="stat-label">Approved<span class="info-icon" data-tooltip="PRs that received a SHIP IT review verdict" tabindex="0" aria-label="PRs that received a SHIP IT review verdict">i</span></span>
              <span class="stat-value" id="queue-approved">--</span>
            </div>
            <div class="stat-row">
              <span class="stat-label">Merged<span class="info-icon" data-tooltip="PRs merged to main in the selected period" tabindex="0" aria-label="PRs merged to main in the selected period">i</span></span>
              <span class="stat-value" id="queue-merged">--</span>
            </div>
            <div class="stat-row" data-metric="tasks-blocked">
              <span class="stat-label">Blocked<span class="info-icon" data-tooltip="Tasks stuck on a human-blocking issue" tabindex="0" aria-label="Tasks stuck on a human-blocking issue">i</span></span>
              <span class="stat-value" id="queue-blocked">--</span>
            </div>
          </div>

          <!-- Cycle Time -->
          <div class="quality-panel">
            <h3 class="panel-title">Cycle Time</h3>
            <div class="stat-row" data-metric="avg-cycle-time">
              <span class="stat-label">Avg cycle time<span class="info-icon" data-tooltip="Mean wall-clock hours from task start to PR merge" tabindex="0" aria-label="Mean wall-clock hours from task start to PR merge">i</span></span>
              <span class="stat-value" id="queue-cycle-time">--</span>
            </div>
          </div>

          <!-- Block Rate -->
          <div class="quality-panel">
            <h3 class="panel-title">Block Rate</h3>
            <div class="stat-row" data-metric="block-rate">
              <span class="stat-label">Rate<span class="info-icon" data-tooltip="% of started tasks that ended up in a blocked state" tabindex="0" aria-label="% of started tasks that ended up in a blocked state">i</span></span>
              <span class="stat-value" id="queue-block-rate">--%</span>
            </div>
          </div>

          <!-- Review Findings -->
          <div class="quality-panel">
            <h3 class="panel-title">Review Findings</h3>
            <div class="stat-row" data-metric="avg-review-findings">
              <span class="stat-label">Avg per task<span class="info-icon" data-tooltip="Mean number of review findings (bugs/suggestions) per task" tabindex="0" aria-label="Mean number of review findings (bugs/suggestions) per task">i</span></span>
              <span class="stat-value" id="queue-review-findings">--</span>
            </div>
          </div>

        </div>
      </section>

      <!-- Pipeline Quality -->
      <section class="section" aria-label="Pipeline quality">
        <div class="section-header">
          <h2 class="section-title">Pipeline Quality</h2>
        </div>
        <div class="quality-grid">

          <!-- CI Gates -->
          <div class="quality-panel">
            <h3 class="panel-title">CI Gates</h3>
            <div class="stat-row" data-metric="ci-gates">
              <span class="stat-label">Total gates<span class="info-icon" data-tooltip="Total CI runs triggered by PRs in the period" tabindex="0" aria-label="Total CI runs triggered by PRs in the period">i</span></span>
              <span class="stat-value" id="ci-total">--</span>
            </div>
            <div class="stat-row" data-metric="ci-first-pass-count">
              <span class="stat-label">First-pass<span class="info-icon" data-tooltip="CI runs that passed without any fix commits" tabindex="0" aria-label="CI runs that passed without any fix commits">i</span></span>
              <span class="stat-value" id="ci-first">--</span>
            </div>
            <div class="stat-row" data-metric="avg-fix-attempts">
              <span class="stat-label">Avg fix attempts<span class="info-icon" data-tooltip="Mean number of fix commits needed before CI passed" tabindex="0" aria-label="Mean number of fix commits needed before CI passed">i</span></span>
              <span class="stat-value" id="ci-fix-avg">--</span>
            </div>
          </div>

          <!-- Simplify -->
          <div class="quality-panel">
            <h3 class="panel-title">Simplify Fixes</h3>
            <div class="stat-row" data-metric="simplify-total">
              <span class="stat-label">Total fixes<span class="info-icon" data-tooltip="Code simplifications applied automatically after implementation" tabindex="0" aria-label="Code simplifications applied automatically after implementation">i</span></span>
              <span class="stat-value" id="simplify-total">--</span>
            </div>
            <div class="simplify-breakdown" id="simplify-breakdown">
              <div class="bar-item" data-metric="simplify-dry"><span class="bar-label">DRY<span class="info-icon" data-tooltip="Duplicated code extractions applied" tabindex="0" aria-label="Duplicated code extractions applied">i</span></span><div class="bar-track"><div class="bar-fill" id="bar-dry"></div></div><span class="bar-val" id="val-dry">--</span></div>
              <div class="bar-item" data-metric="simplify-dead"><span class="bar-label">Dead code<span class="info-icon" data-tooltip="Unused imports, variables, or functions removed" tabindex="0" aria-label="Unused imports, variables, or functions removed">i</span></span><div class="bar-track"><div class="bar-fill" id="bar-dead"></div></div><span class="bar-val" id="val-dead">--</span></div>
              <div class="bar-item" data-metric="simplify-naming"><span class="bar-label">Naming<span class="info-icon" data-tooltip="Variable and function name improvements applied" tabindex="0" aria-label="Variable and function name improvements applied">i</span></span><div class="bar-track"><div class="bar-fill" id="bar-naming"></div></div><span class="bar-val" id="val-naming">--</span></div>
              <div class="bar-item" data-metric="simplify-complexity"><span class="bar-label">Complexity<span class="info-icon" data-tooltip="Over-engineered patterns simplified" tabindex="0" aria-label="Over-engineered patterns simplified">i</span></span><div class="bar-track"><div class="bar-fill" id="bar-complexity"></div></div><span class="bar-val" id="val-complexity">--</span></div>
              <div class="bar-item" data-metric="simplify-consistency"><span class="bar-label">Consistency<span class="info-icon" data-tooltip="Style or pattern inconsistencies corrected" tabindex="0" aria-label="Style or pattern inconsistencies corrected">i</span></span><div class="bar-track"><div class="bar-fill" id="bar-consistency"></div></div><span class="bar-val" id="val-consistency">--</span></div>
            </div>
          </div>

          <!-- Reviews -->
          <div class="quality-panel">
            <h3 class="panel-title">Reviews</h3>
            <div class="stat-row" data-metric="reviews-total">
              <span class="stat-label">Total reviews<span class="info-icon" data-tooltip="Code reviews run by the shipwright review agent" tabindex="0" aria-label="Code reviews run by the shipwright review agent">i</span></span>
              <span class="stat-value" id="review-total">--</span>
            </div>
            <div class="stat-row" data-metric="reviews-ship-it">
              <span class="stat-label">SHIP IT<span class="info-icon" data-tooltip="Reviews where no blocking issues were found" tabindex="0" aria-label="Reviews where no blocking issues were found">i</span></span>
              <span class="stat-value good" id="review-ship-it">--</span>
            </div>
          </div>

          <!-- Coverage -->
          <div class="quality-panel">
            <h3 class="panel-title">Coverage</h3>
            <div class="stat-row">
              <span class="stat-label">Reports<span class="info-icon" data-tooltip="Tasks with a measured coverage delta" tabindex="0" aria-label="Tasks with a measured coverage delta">i</span></span>
              <span class="stat-value" id="coverage-reports">--</span>
            </div>
            <div class="stat-row">
              <span class="stat-label">Avg delta<span class="info-icon" data-tooltip="Mean change in line coverage % across all reports" tabindex="0" aria-label="Mean change in line coverage % across all reports">i</span></span>
              <span class="stat-value" id="coverage-delta">--</span>
            </div>
          </div>

        </div>
      </section>

      <!-- Token Usage -->
      <section class="section" aria-label="Token usage">
        <div class="section-header">
          <h2 class="section-title">Token Usage</h2>
        </div>
        <div class="token-kpi-row">
          <div class="kpi-card" data-metric="token-input">
            <div class="kpi-label">Input Tokens</div>
            <div class="kpi-value" id="token-input"><span class="skeleton">&nbsp;</span></div>
            <div class="kpi-meta">total input tokens</div>
          </div>
          <div class="kpi-card" data-metric="token-output">
            <div class="kpi-label">Output Tokens</div>
            <div class="kpi-value" id="token-output"><span class="skeleton">&nbsp;</span></div>
            <div class="kpi-meta">total output tokens</div>
          </div>
          <div class="kpi-card" data-metric="token-cache">
            <div class="kpi-label">Cache Tokens</div>
            <div class="kpi-value" id="token-cache"><span class="skeleton">&nbsp;</span></div>
            <div class="kpi-meta">cache read + creation</div>
          </div>
          <div class="kpi-card" data-metric="token-cost">
            <div class="kpi-label">Total Cost</div>
            <div class="kpi-value" id="token-cost"><span class="skeleton">&nbsp;</span></div>
            <div class="kpi-meta">total cost (USD)</div>
          </div>
        </div>
        <div class="quality-panel">
          <h3 class="panel-title">By Agent</h3>
          <table class="token-table" id="token-agent-table">
            <thead>
              <tr><th>Agent</th><th>Cron</th><th>DM/Mention</th><th>Total</th><th>Cost ($)</th></tr>
            </thead>
            <tbody id="token-agent-tbody"></tbody>
          </table>
          <p id="token-agent-empty" class="empty-state" style="display:none">No data</p>
        </div>
        <div class="token-trends-section">
          <div class="token-trends-toggles" role="group" aria-label="Token series">
            <button class="token-series-btn active" data-token-series="input" type="button">Input</button>
            <button class="token-series-btn" data-token-series="output" type="button">Output</button>
            <button class="token-series-btn" data-token-series="total" type="button">Total</button>
            <button class="token-series-btn" data-token-series="all" type="button">All</button>
          </div>
          <div class="chart-container token-trends-chart-container">
            <canvas id="token-trends-chart" aria-label="Token usage trends chart"></canvas>
          </div>
        </div>
      </section>

      <!-- Feature Breakdown -->
      <section class="section features-section" aria-label="Feature breakdown">
        <div class="section-header">
          <h2 class="section-title">Feature Breakdown</h2>
        </div>
        <div class="features-table-wrapper">
          <table class="features-table">
            <thead>
              <tr>
                <th>Feature<span class="info-icon" data-tooltip="Planning session or feature group name" tabindex="0" aria-label="Planning session or feature group name">i</span></th>
                <th>Tasks<span class="info-icon" data-tooltip="Number of tasks shipped in this feature" tabindex="0" aria-label="Number of tasks shipped in this feature">i</span></th>
                <th>Avg Hrs<span class="info-icon" data-tooltip="Mean actual hours per task" tabindex="0" aria-label="Mean actual hours per task">i</span></th>
                <th>CI Pass<span class="info-icon" data-tooltip="CI first-pass rate for this feature's tasks" tabindex="0" aria-label="CI first-pass rate for this feature's tasks">i</span></th>
                <th>Review<span class="info-icon" data-tooltip="SHIP IT rate for this feature's tasks" tabindex="0" aria-label="SHIP IT rate for this feature's tasks">i</span></th>
              </tr>
            </thead>
            <tbody id="features-tbody"></tbody>
          </table>
        </div>
        <p id="features-empty" class="empty-state" style="display:none">No feature data for this period</p>
      </section>

      <!-- Efficiency -->
      <section class="section" aria-label="Efficiency">
        <div class="section-header">
          <h2 class="section-title">Efficiency</h2>
        </div>
        <div class="efficiency-grid">
          <div class="stat-block" data-metric="avg-actual-hours">
            <span class="stat-block-value" id="eff-avg-hours">--</span>
            <span class="stat-block-label">Avg actual hours<span class="info-icon" data-tooltip="Mean wall-clock hours per task from start to PR merge" tabindex="0" aria-label="Mean wall-clock hours per task from start to PR merge">i</span></span>
          </div>
          <div class="stat-block" data-metric="avg-estimated-hours">
            <span class="stat-block-value" id="eff-est-hours">--</span>
            <span class="stat-block-label">Avg estimated hours<span class="info-icon" data-tooltip="Mean planned hours per task from the planning doc" tabindex="0" aria-label="Mean planned hours per task from the planning doc">i</span></span>
          </div>
          <div class="stat-block" data-metric="avg-retries">
            <span class="stat-block-value" id="eff-retries">--</span>
            <span class="stat-block-label">Avg retries<span class="info-icon" data-tooltip="Mean CI fix attempts needed before the CI gate passed" tabindex="0" aria-label="Mean CI fix attempts needed before the CI gate passed">i</span></span>
          </div>
          <div class="stat-block" data-metric="avg-files-changed">
            <span class="stat-block-value" id="eff-files">--</span>
            <span class="stat-block-label">Avg files changed<span class="info-icon" data-tooltip="Mean files modified per task" tabindex="0" aria-label="Mean files modified per task">i</span></span>
          </div>
        </div>
      </section>

      <!-- Trends -->
      <section class="section" aria-label="Trends">
        <div class="section-header">
          <h2 class="section-title">Trends</h2>
        </div>
        <div class="chart-container">
          <canvas id="trends-chart" aria-label="Pipeline trends chart"></canvas>
        </div>
      </section>

    </main>

    <!-- Metric Graph Modal -->
    <div id="metric-modal" class="metric-modal" role="dialog" aria-modal="true" aria-labelledby="metric-modal-title" hidden>
      <div class="metric-modal-backdrop"></div>
      <div class="metric-modal-box">
        <div class="metric-modal-header">
          <h3 class="metric-modal-title" id="metric-modal-title">Metric</h3>
          <button class="metric-modal-close" type="button" aria-label="Close modal">×</button>
        </div>
        <div class="metric-modal-body">
          <canvas id="metric-chart" aria-label="Metric trend chart"></canvas>
        </div>
      </div>
    </div>

  </div>

  <script>window.__METRICS_BASE__ = "";</script>
  <script src="https://cdn.jsdelivr.net/npm/chart.js@4/dist/chart.umd.min.js"></script>
  <script src="/dashboard/app.js"></script>
</body>
</html>"
`;
